// Jest Snapshot v1, https://goo.gl/fbAQLP

exports[`Header should render Headers with correct properties 1`] = `ShallowWrapper {}`;
