// Jest Snapshot v1, https://goo.gl/fbAQLP

exports[`App should render app with correct properties 1`] = `ShallowWrapper {}`;
