// Jest Snapshot v1, https://goo.gl/fbAQLP

exports[`Users should render app with correct properties 1`] = `ShallowWrapper {}`;
